// Jest Snapshot v1, https://goo.gl/fbAQLP

exports[`ImmutableListView renders Map: List rows, with section headers 1`] = `
<RCTScrollView
  DEPRECATED_sendUpdatedChildFrames={true}
  dataSource={
    ListViewDataSource {
      "items": NaN,
    }
  }
  enableEmptySections={true}
  initialListSize={10}
  onContentSizeChange={[Function]}
  onEndReachedThreshold={1000}
  onKeyboardDidHide={undefined}
  onKeyboardDidShow={undefined}
  onKeyboardWillHide={undefined}
  onKeyboardWillShow={undefined}
  onLayout={[Function]}
  onScroll={[Function]}
  pageSize={1}
  removeClippedSubviews={false}
  renderRow={[Function]}
  renderSectionHeader={[Function]}
  scrollEventThrottle={50}
  scrollRenderAheadDistance={1000}
  stickyHeaderIndices={
    Array [
      0,
      4,
      6,
      7,
    ]
  }
  stickySectionHeadersEnabled={true}
>
  <View>
    <Text
      accessible={true}
      allowFontScaling={true}
      ellipsizeMode="tail"
      header={true}
    >
      first (3 items)
    </Text>
    <Text
      accessible={true}
      allowFontScaling={true}
      ellipsizeMode="tail"
    >
      "m"
    </Text>
    <Text
      accessible={true}
      allowFontScaling={true}
      ellipsizeMode="tail"
    >
      "a"
    </Text>
    <Text
      accessible={true}
      allowFontScaling={true}
      ellipsizeMode="tail"
    >
      "p"
    </Text>
    <Text
      accessible={true}
      allowFontScaling={true}
      ellipsizeMode="tail"
      header={true}
    >
      second (1 items)
    </Text>
    <Text
      accessible={true}
      allowFontScaling={true}
      ellipsizeMode="tail"
    >
      "foo"
    </Text>
    <Text
      accessible={true}
      allowFontScaling={true}
      ellipsizeMode="tail"
      header={true}
    >
      third (0 items)
    </Text>
    <Text
      accessible={true}
      allowFontScaling={true}
      ellipsizeMode="tail"
      header={true}
    >
      fourth (1 items)
    </Text>
    <Text
      accessible={true}
      allowFontScaling={true}
      ellipsizeMode="tail"
    >
      "bar"
    </Text>
  </View>
</RCTScrollView>
`;

exports[`ImmutableListView renders Map: List rows, without section headers 1`] = `
<RCTScrollView
  DEPRECATED_sendUpdatedChildFrames={true}
  dataSource={
    ListViewDataSource {
      "items": 4,
    }
  }
  enableEmptySections={true}
  initialListSize={10}
  onContentSizeChange={[Function]}
  onEndReachedThreshold={1000}
  onKeyboardDidHide={undefined}
  onKeyboardDidShow={undefined}
  onKeyboardWillHide={undefined}
  onKeyboardWillShow={undefined}
  onLayout={[Function]}
  onScroll={[Function]}
  pageSize={1}
  removeClippedSubviews={false}
  renderRow={[Function]}
  scrollEventThrottle={50}
  scrollRenderAheadDistance={1000}
  stickyHeaderIndices={Array []}
  stickySectionHeadersEnabled={true}
>
  <View>
    <Text
      accessible={true}
      allowFontScaling={true}
      ellipsizeMode="tail"
    >
      ["m","a","p"]
    </Text>
    <Text
      accessible={true}
      allowFontScaling={true}
      ellipsizeMode="tail"
    >
      ["foo"]
    </Text>
    <Text
      accessible={true}
      allowFontScaling={true}
      ellipsizeMode="tail"
    >
      []
    </Text>
    <Text
      accessible={true}
      allowFontScaling={true}
      ellipsizeMode="tail"
    >
      ["bar"]
    </Text>
  </View>
</RCTScrollView>
`;

exports[`ImmutableListView renders Map: Map rows, with section headers 1`] = `
<RCTScrollView
  DEPRECATED_sendUpdatedChildFrames={true}
  dataSource={
    ListViewDataSource {
      "items": NaN,
    }
  }
  enableEmptySections={true}
  initialListSize={10}
  onContentSizeChange={[Function]}
  onEndReachedThreshold={1000}
  onKeyboardDidHide={undefined}
  onKeyboardDidShow={undefined}
  onKeyboardWillHide={undefined}
  onKeyboardWillShow={undefined}
  onLayout={[Function]}
  onScroll={[Function]}
  pageSize={1}
  removeClippedSubviews={false}
  renderRow={[Function]}
  renderSectionHeader={[Function]}
  scrollEventThrottle={50}
  scrollRenderAheadDistance={1000}
  stickyHeaderIndices={
    Array [
      0,
      3,
    ]
  }
  stickySectionHeadersEnabled={true}
>
  <View>
    <Text
      accessible={true}
      allowFontScaling={true}
      ellipsizeMode="tail"
      header={true}
    >
      first (2 items)
    </Text>
    <Text
      accessible={true}
      allowFontScaling={true}
      ellipsizeMode="tail"
    >
      "data 1"
    </Text>
    <Text
      accessible={true}
      allowFontScaling={true}
      ellipsizeMode="tail"
    >
      "data 2"
    </Text>
    <Text
      accessible={true}
      allowFontScaling={true}
      ellipsizeMode="tail"
      header={true}
    >
      second (0 items)
    </Text>
  </View>
</RCTScrollView>
`;

exports[`ImmutableListView renders Map: Map rows, without section headers 1`] = `
<RCTScrollView
  DEPRECATED_sendUpdatedChildFrames={true}
  dataSource={
    ListViewDataSource {
      "items": 2,
    }
  }
  enableEmptySections={true}
  initialListSize={10}
  onContentSizeChange={[Function]}
  onEndReachedThreshold={1000}
  onKeyboardDidHide={undefined}
  onKeyboardDidShow={undefined}
  onKeyboardWillHide={undefined}
  onKeyboardWillShow={undefined}
  onLayout={[Function]}
  onScroll={[Function]}
  pageSize={1}
  removeClippedSubviews={false}
  renderRow={[Function]}
  scrollEventThrottle={50}
  scrollRenderAheadDistance={1000}
  stickyHeaderIndices={Array []}
  stickySectionHeadersEnabled={true}
>
  <View>
    <Text
      accessible={true}
      allowFontScaling={true}
      ellipsizeMode="tail"
    >
      {"row1":"data 1","row2":"data 2"}
    </Text>
    <Text
      accessible={true}
      allowFontScaling={true}
      ellipsizeMode="tail"
    >
      {}
    </Text>
  </View>
</RCTScrollView>
`;

exports[`ImmutableListView renders basic List 1`] = `
<RCTScrollView
  DEPRECATED_sendUpdatedChildFrames={true}
  dataSource={
    ListViewDataSource {
      "items": 3,
    }
  }
  enableEmptySections={true}
  initialListSize={10}
  onContentSizeChange={[Function]}
  onEndReachedThreshold={1000}
  onKeyboardDidHide={undefined}
  onKeyboardDidShow={undefined}
  onKeyboardWillHide={undefined}
  onKeyboardWillShow={undefined}
  onLayout={[Function]}
  onScroll={[Function]}
  pageSize={1}
  removeClippedSubviews={false}
  renderRow={[Function]}
  scrollEventThrottle={50}
  scrollRenderAheadDistance={1000}
  stickyHeaderIndices={Array []}
  stickySectionHeadersEnabled={true}
>
  <View>
    <Text
      accessible={true}
      allowFontScaling={true}
      ellipsizeMode="tail"
    >
      "lists"
    </Text>
    <Text
      accessible={true}
      allowFontScaling={true}
      ellipsizeMode="tail"
    >
      "are"
    </Text>
    <Text
      accessible={true}
      allowFontScaling={true}
      ellipsizeMode="tail"
    >
      "great"
    </Text>
  </View>
</RCTScrollView>
`;

exports[`ImmutableListView renders basic Range 1`] = `
<RCTScrollView
  DEPRECATED_sendUpdatedChildFrames={true}
  dataSource={
    ListViewDataSource {
      "items": 3,
    }
  }
  enableEmptySections={true}
  initialListSize={10}
  onContentSizeChange={[Function]}
  onEndReachedThreshold={1000}
  onKeyboardDidHide={undefined}
  onKeyboardDidShow={undefined}
  onKeyboardWillHide={undefined}
  onKeyboardWillShow={undefined}
  onLayout={[Function]}
  onScroll={[Function]}
  pageSize={1}
  removeClippedSubviews={false}
  renderRow={[Function]}
  scrollEventThrottle={50}
  scrollRenderAheadDistance={1000}
  stickyHeaderIndices={Array []}
  stickySectionHeadersEnabled={true}
>
  <View>
    <Text
      accessible={true}
      allowFontScaling={true}
      ellipsizeMode="tail"
    >
      3
    </Text>
    <Text
      accessible={true}
      allowFontScaling={true}
      ellipsizeMode="tail"
    >
      6
    </Text>
    <Text
      accessible={true}
      allowFontScaling={true}
      ellipsizeMode="tail"
    >
      9
    </Text>
  </View>
</RCTScrollView>
`;

exports[`ImmutableListView renders basic Set 1`] = `
<RCTScrollView
  DEPRECATED_sendUpdatedChildFrames={true}
  dataSource={
    ListViewDataSource {
      "items": 3,
    }
  }
  enableEmptySections={true}
  initialListSize={10}
  onContentSizeChange={[Function]}
  onEndReachedThreshold={1000}
  onKeyboardDidHide={undefined}
  onKeyboardDidShow={undefined}
  onKeyboardWillHide={undefined}
  onKeyboardWillShow={undefined}
  onLayout={[Function]}
  onScroll={[Function]}
  pageSize={1}
  removeClippedSubviews={false}
  renderRow={[Function]}
  scrollEventThrottle={50}
  scrollRenderAheadDistance={1000}
  stickyHeaderIndices={Array []}
  stickySectionHeadersEnabled={true}
>
  <View>
    <Text
      accessible={true}
      allowFontScaling={true}
      ellipsizeMode="tail"
    >
      "one"
    </Text>
    <Text
      accessible={true}
      allowFontScaling={true}
      ellipsizeMode="tail"
    >
      "two"
    </Text>
    <Text
      accessible={true}
      allowFontScaling={true}
      ellipsizeMode="tail"
    >
      "three"
    </Text>
  </View>
</RCTScrollView>
`;

exports[`ImmutableListView renders nested List 1`] = `
<RCTScrollView
  DEPRECATED_sendUpdatedChildFrames={true}
  dataSource={
    ListViewDataSource {
      "items": 2,
    }
  }
  enableEmptySections={true}
  initialListSize={10}
  onContentSizeChange={[Function]}
  onEndReachedThreshold={1000}
  onKeyboardDidHide={undefined}
  onKeyboardDidShow={undefined}
  onKeyboardWillHide={undefined}
  onKeyboardWillShow={undefined}
  onLayout={[Function]}
  onScroll={[Function]}
  pageSize={1}
  removeClippedSubviews={false}
  renderRow={[Function]}
  scrollEventThrottle={50}
  scrollRenderAheadDistance={1000}
  stickyHeaderIndices={Array []}
  stickySectionHeadersEnabled={true}
>
  <View>
    <Text
      accessible={true}
      allowFontScaling={true}
      ellipsizeMode="tail"
    >
      ["so","are"]
    </Text>
    <Text
      accessible={true}
      allowFontScaling={true}
      ellipsizeMode="tail"
    >
      ["nested","lists"]
    </Text>
  </View>
</RCTScrollView>
`;

exports[`ImmutableListView renders with empty data 1`] = `
<RCTScrollView
  DEPRECATED_sendUpdatedChildFrames={true}
  dataSource={
    ListViewDataSource {
      "items": 1,
    }
  }
  enableEmptySections={true}
  initialListSize={10}
  onContentSizeChange={[Function]}
  onEndReachedThreshold={1000}
  onKeyboardDidHide={undefined}
  onKeyboardDidShow={undefined}
  onKeyboardWillHide={undefined}
  onKeyboardWillShow={undefined}
  onLayout={[Function]}
  onScroll={[Function]}
  pageSize={1}
  removeClippedSubviews={false}
  renderRow={[Function]}
  scrollEventThrottle={50}
  scrollRenderAheadDistance={1000}
  stickyHeaderIndices={Array []}
  stickySectionHeadersEnabled={true}
>
  <View>
    <Text
      accessible={true}
      allowFontScaling={true}
      ellipsizeMode="tail"
      style={
        Object {
          "padding": 8,
          "textAlign": "center",
        }
      }
    >
      No data.
    </Text>
  </View>
</RCTScrollView>
`;

exports[`ImmutableListView with delayed rendering renders basic List after interactions 1`] = `
<RCTScrollView
  DEPRECATED_sendUpdatedChildFrames={true}
  dataSource={
    ListViewDataSource {
      "items": 3,
    }
  }
  enableEmptySections={true}
  initialListSize={10}
  onContentSizeChange={[Function]}
  onEndReachedThreshold={1000}
  onKeyboardDidHide={undefined}
  onKeyboardDidShow={undefined}
  onKeyboardWillHide={undefined}
  onKeyboardWillShow={undefined}
  onLayout={[Function]}
  onScroll={[Function]}
  pageSize={1}
  removeClippedSubviews={false}
  renderRow={[Function]}
  scrollEventThrottle={50}
  scrollRenderAheadDistance={1000}
  stickyHeaderIndices={Array []}
  stickySectionHeadersEnabled={true}
>
  <View>
    <Text
      accessible={true}
      allowFontScaling={true}
      ellipsizeMode="tail"
    >
      "lists"
    </Text>
    <Text
      accessible={true}
      allowFontScaling={true}
      ellipsizeMode="tail"
    >
      "are"
    </Text>
    <Text
      accessible={true}
      allowFontScaling={true}
      ellipsizeMode="tail"
    >
      "great"
    </Text>
  </View>
</RCTScrollView>
`;

exports[`ImmutableListView with delayed rendering renders basic List during interactions 1`] = `
<RCTScrollView
  DEPRECATED_sendUpdatedChildFrames={true}
  dataSource={
    ListViewDataSource {
      "items": 1,
    }
  }
  enableEmptySections={true}
  initialListSize={10}
  onContentSizeChange={[Function]}
  onEndReachedThreshold={1000}
  onKeyboardDidHide={undefined}
  onKeyboardDidShow={undefined}
  onKeyboardWillHide={undefined}
  onKeyboardWillShow={undefined}
  onLayout={[Function]}
  onScroll={[Function]}
  pageSize={1}
  removeClippedSubviews={false}
  renderRow={[Function]}
  scrollEventThrottle={50}
  scrollRenderAheadDistance={1000}
  stickyHeaderIndices={Array []}
  stickySectionHeadersEnabled={true}
>
  <View>
    <Text
      accessible={true}
      allowFontScaling={true}
      ellipsizeMode="tail"
    >
      "lists"
    </Text>
  </View>
</RCTScrollView>
`;

exports[`ImmutableListView with renderEmpty doesn't render empty with null 1`] = `
<RCTScrollView
  DEPRECATED_sendUpdatedChildFrames={true}
  dataSource={
    ListViewDataSource {
      "items": 0,
    }
  }
  enableEmptySections={true}
  initialListSize={10}
  onContentSizeChange={[Function]}
  onEndReachedThreshold={1000}
  onKeyboardDidHide={undefined}
  onKeyboardDidShow={undefined}
  onKeyboardWillHide={undefined}
  onKeyboardWillShow={undefined}
  onLayout={[Function]}
  onScroll={[Function]}
  pageSize={1}
  removeClippedSubviews={false}
  renderRow={[Function]}
  scrollEventThrottle={50}
  scrollRenderAheadDistance={1000}
  stickyHeaderIndices={Array []}
  stickySectionHeadersEnabled={true}
>
  <View />
</RCTScrollView>
`;

exports[`ImmutableListView with renderEmpty renders empty with a function 1`] = `
<Text
  accessible={true}
  allowFontScaling={true}
  ellipsizeMode="tail"
>
  "No items"
</Text>
`;

exports[`ImmutableListView with renderEmpty renders empty with a string 1`] = `
<Text
  accessible={true}
  allowFontScaling={true}
  ellipsizeMode="tail"
  style={
    Array [
      Object {
        "padding": 8,
        "textAlign": "center",
      },
      Object {
        "color": "red",
      },
    ]
  }
>
  No items
</Text>
`;

exports[`ImmutableListView with renderEmpty renders normally when there are some items 1`] = `
<RCTScrollView
  DEPRECATED_sendUpdatedChildFrames={true}
  dataSource={
    ListViewDataSource {
      "items": 3,
    }
  }
  enableEmptySections={true}
  initialListSize={10}
  onContentSizeChange={[Function]}
  onEndReachedThreshold={1000}
  onKeyboardDidHide={undefined}
  onKeyboardDidShow={undefined}
  onKeyboardWillHide={undefined}
  onKeyboardWillShow={undefined}
  onLayout={[Function]}
  onScroll={[Function]}
  pageSize={1}
  removeClippedSubviews={false}
  renderRow={[Function]}
  scrollEventThrottle={50}
  scrollRenderAheadDistance={1000}
  stickyHeaderIndices={Array []}
  stickySectionHeadersEnabled={true}
>
  <View>
    <Text
      accessible={true}
      allowFontScaling={true}
      ellipsizeMode="tail"
    >
      "lists"
    </Text>
    <Text
      accessible={true}
      allowFontScaling={true}
      ellipsizeMode="tail"
    >
      "are"
    </Text>
    <Text
      accessible={true}
      allowFontScaling={true}
      ellipsizeMode="tail"
    >
      "great"
    </Text>
  </View>
</RCTScrollView>
`;

exports[`ImmutableListView with renderEmptyInList doesn't render empty with null 1`] = `
<RCTScrollView
  DEPRECATED_sendUpdatedChildFrames={true}
  dataSource={
    ListViewDataSource {
      "items": 0,
    }
  }
  enableEmptySections={true}
  initialListSize={10}
  onContentSizeChange={[Function]}
  onEndReachedThreshold={1000}
  onKeyboardDidHide={undefined}
  onKeyboardDidShow={undefined}
  onKeyboardWillHide={undefined}
  onKeyboardWillShow={undefined}
  onLayout={[Function]}
  onScroll={[Function]}
  pageSize={1}
  removeClippedSubviews={false}
  renderRow={[Function]}
  scrollEventThrottle={50}
  scrollRenderAheadDistance={1000}
  stickyHeaderIndices={Array []}
  stickySectionHeadersEnabled={true}
>
  <View />
</RCTScrollView>
`;

exports[`ImmutableListView with renderEmptyInList renders empty with a function 1`] = `
<RCTScrollView
  DEPRECATED_sendUpdatedChildFrames={true}
  dataSource={
    ListViewDataSource {
      "items": 1,
    }
  }
  enableEmptySections={true}
  initialListSize={10}
  onContentSizeChange={[Function]}
  onEndReachedThreshold={1000}
  onKeyboardDidHide={undefined}
  onKeyboardDidShow={undefined}
  onKeyboardWillHide={undefined}
  onKeyboardWillShow={undefined}
  onLayout={[Function]}
  onScroll={[Function]}
  pageSize={1}
  removeClippedSubviews={false}
  renderRow={[Function]}
  scrollEventThrottle={50}
  scrollRenderAheadDistance={1000}
  stickyHeaderIndices={Array []}
  stickySectionHeadersEnabled={true}
>
  <View>
    <Text
      accessible={true}
      allowFontScaling={true}
      ellipsizeMode="tail"
    >
      "No items"
    </Text>
  </View>
</RCTScrollView>
`;

exports[`ImmutableListView with renderEmptyInList renders empty with a string 1`] = `
<RCTScrollView
  DEPRECATED_sendUpdatedChildFrames={true}
  contentContainerStyle={
    Object {
      "color": "red",
    }
  }
  dataSource={
    ListViewDataSource {
      "items": 1,
    }
  }
  enableEmptySections={true}
  initialListSize={10}
  onContentSizeChange={[Function]}
  onEndReachedThreshold={1000}
  onKeyboardDidHide={undefined}
  onKeyboardDidShow={undefined}
  onKeyboardWillHide={undefined}
  onKeyboardWillShow={undefined}
  onLayout={[Function]}
  onScroll={[Function]}
  pageSize={1}
  removeClippedSubviews={false}
  renderRow={[Function]}
  scrollEventThrottle={50}
  scrollRenderAheadDistance={1000}
  stickyHeaderIndices={Array []}
  stickySectionHeadersEnabled={true}
>
  <View>
    <Text
      accessible={true}
      allowFontScaling={true}
      ellipsizeMode="tail"
      style={
        Object {
          "padding": 8,
          "textAlign": "center",
        }
      }
    >
      No items
    </Text>
  </View>
</RCTScrollView>
`;

exports[`ImmutableListView with renderEmptyInList renders normally when there are some items 1`] = `
<RCTScrollView
  DEPRECATED_sendUpdatedChildFrames={true}
  dataSource={
    ListViewDataSource {
      "items": 3,
    }
  }
  enableEmptySections={true}
  initialListSize={10}
  onContentSizeChange={[Function]}
  onEndReachedThreshold={1000}
  onKeyboardDidHide={undefined}
  onKeyboardDidShow={undefined}
  onKeyboardWillHide={undefined}
  onKeyboardWillShow={undefined}
  onLayout={[Function]}
  onScroll={[Function]}
  pageSize={1}
  removeClippedSubviews={false}
  renderRow={[Function]}
  scrollEventThrottle={50}
  scrollRenderAheadDistance={1000}
  stickyHeaderIndices={Array []}
  stickySectionHeadersEnabled={true}
>
  <View>
    <Text
      accessible={true}
      allowFontScaling={true}
      ellipsizeMode="tail"
    >
      "lists"
    </Text>
    <Text
      accessible={true}
      allowFontScaling={true}
      ellipsizeMode="tail"
    >
      "are"
    </Text>
    <Text
      accessible={true}
      allowFontScaling={true}
      ellipsizeMode="tail"
    >
      "great"
    </Text>
  </View>
</RCTScrollView>
`;
